app/(constants)/firebase.ts(3,26): error TS2305: Module '"firebase/auth"' has no exported member 'getReactNativePersistence'.
app/alerts.tsx(16,10): error TS2614: Module '"./chats"' has no exported member 'BottomNav'. Did you mean to use 'import BottomNav from "./chats"' instead?
app/backup-pin.tsx(6,10): error TS2305: Module '"../services/securityService"' has no exported member 'savePIN'.
app/behavioral.tsx(116,21): error TS2769: No overload matches this call.
  Overload 1 of 2, '(props: ViewProps): View', gave the following error.
    Type '{ height: number; borderRadius: number; backgroundColor: string; width: string; }' is not assignable to type 'StyleProp<ViewStyle>'.
      Types of property 'width' are incompatible.
        Type 'string' is not assignable to type 'DimensionValue'.
  Overload 2 of 2, '(props: ViewProps, context: any): View', gave the following error.
    Type '{ height: number; borderRadius: number; backgroundColor: string; width: string; }' is not assignable to type 'StyleProp<ViewStyle>'.
      Types of property 'width' are incompatible.
        Type 'string' is not assignable to type 'DimensionValue'.
app/breachguard.tsx(85,21): error TS2769: No overload matches this call.
  Overload 1 of 2, '(props: ViewProps): View', gave the following error.
    Type '{ width: string; height: number; backgroundColor: string; borderRadius: number; }' is not assignable to type 'StyleProp<ViewStyle>'.
      Types of property 'width' are incompatible.
        Type 'string' is not assignable to type 'DimensionValue'.
  Overload 2 of 2, '(props: ViewProps, context: any): View', gave the following error.
    Type '{ width: string; height: number; backgroundColor: string; borderRadius: number; }' is not assignable to type 'StyleProp<ViewStyle>'.
      Types of property 'width' are incompatible.
        Type 'string' is not assignable to type 'DimensionValue'.
app/calls.tsx(16,10): error TS2614: Module '"./chats"' has no exported member 'BottomNav'. Did you mean to use 'import BottomNav from "./chats"' instead?
app/contacts.tsx(287,3): error TS1117: An object literal cannot have multiple properties with the same name.
app/dashboard.tsx(119,23): error TS2769: No overload matches this call.
  Overload 1 of 2, '(props: ViewProps): View', gave the following error.
    Type '{ width: string; height: number; backgroundColor: string; borderRadius: number; }' is not assignable to type 'StyleProp<ViewStyle>'.
      Types of property 'width' are incompatible.
        Type 'string' is not assignable to type 'DimensionValue'.
  Overload 2 of 2, '(props: ViewProps, context: any): View', gave the following error.
    Type '{ width: string; height: number; backgroundColor: string; borderRadius: number; }' is not assignable to type 'StyleProp<ViewStyle>'.
      Types of property 'width' are incompatible.
        Type 'string' is not assignable to type 'DimensionValue'.
app/dashboard.tsx(164,25): error TS2769: No overload matches this call.
  Overload 1 of 2, '(props: ViewProps): View', gave the following error.
    Type '{ width: string; height: number; backgroundColor: string; borderRadius: number; }' is not assignable to type 'StyleProp<ViewStyle>'.
      Types of property 'width' are incompatible.
        Type 'string' is not assignable to type 'DimensionValue'.
  Overload 2 of 2, '(props: ViewProps, context: any): View', gave the following error.
    Type '{ width: string; height: number; backgroundColor: string; borderRadius: number; }' is not assignable to type 'StyleProp<ViewStyle>'.
      Types of property 'width' are incompatible.
        Type 'string' is not assignable to type 'DimensionValue'.
app/docscanner.tsx(270,119): error TS2769: No overload matches this call.
  Overload 1 of 2, '(props: LinearGradientProps): LinearGradient', gave the following error.
    Type '{ colors: [string, string]; style: AbsoluteFillStyle; borderRadius: number; }' is not assignable to type 'IntrinsicAttributes & IntrinsicClassAttributes<LinearGradient> & Readonly<LinearGradientProps>'.
      Property 'borderRadius' does not exist on type 'IntrinsicAttributes & IntrinsicClassAttributes<LinearGradient> & Readonly<LinearGradientProps>'.
  Overload 2 of 2, '(props: LinearGradientProps, context: any): LinearGradient', gave the following error.
    Type '{ colors: [string, string]; style: AbsoluteFillStyle; borderRadius: number; }' is not assignable to type 'IntrinsicAttributes & IntrinsicClassAttributes<LinearGradient> & Readonly<LinearGradientProps>'.
      Property 'borderRadius' does not exist on type 'IntrinsicAttributes & IntrinsicClassAttributes<LinearGradient> & Readonly<LinearGradientProps>'.
app/docscanner.tsx(288,25): error TS2769: No overload matches this call.
  Overload 1 of 2, '(props: ViewProps): View', gave the following error.
    Type '{ width: string; height: number; backgroundColor: string; borderRadius: number; }' is not assignable to type 'StyleProp<ViewStyle>'.
      Types of property 'width' are incompatible.
        Type 'string' is not assignable to type 'DimensionValue'.
  Overload 2 of 2, '(props: ViewProps, context: any): View', gave the following error.
    Type '{ width: string; height: number; backgroundColor: string; borderRadius: number; }' is not assignable to type 'StyleProp<ViewStyle>'.
      Types of property 'width' are incompatible.
        Type 'string' is not assignable to type 'DimensionValue'.
app/docscanner.tsx(328,125): error TS2769: No overload matches this call.
  Overload 1 of 2, '(props: LinearGradientProps): LinearGradient', gave the following error.
    Type '{ colors: [string, string]; style: AbsoluteFillStyle; borderRadius: number; }' is not assignable to type 'IntrinsicAttributes & IntrinsicClassAttributes<LinearGradient> & Readonly<LinearGradientProps>'.
      Property 'borderRadius' does not exist on type 'IntrinsicAttributes & IntrinsicClassAttributes<LinearGradient> & Readonly<LinearGradientProps>'.
  Overload 2 of 2, '(props: LinearGradientProps, context: any): LinearGradient', gave the following error.
    Type '{ colors: [string, string]; style: AbsoluteFillStyle; borderRadius: number; }' is not assignable to type 'IntrinsicAttributes & IntrinsicClassAttributes<LinearGradient> & Readonly<LinearGradientProps>'.
      Property 'borderRadius' does not exist on type 'IntrinsicAttributes & IntrinsicClassAttributes<LinearGradient> & Readonly<LinearGradientProps>'.
app/docscanner.tsx(332,35): error TS2769: No overload matches this call.
  Overload 1 of 2, '(props: ViewProps): View', gave the following error.
    Type '{ height: number; backgroundColor: string; borderRadius: number; marginBottom: number; width: string; }' is not assignable to type 'StyleProp<ViewStyle>'.
      Types of property 'width' are incompatible.
        Type 'string' is not assignable to type 'DimensionValue'.
  Overload 2 of 2, '(props: ViewProps, context: any): View', gave the following error.
    Type '{ height: number; backgroundColor: string; borderRadius: number; marginBottom: number; width: string; }' is not assignable to type 'StyleProp<ViewStyle>'.
      Types of property 'width' are incompatible.
        Type 'string' is not assignable to type 'DimensionValue'.
app/docscanner.tsx(336,35): error TS2769: No overload matches this call.
  Overload 1 of 2, '(props: ViewProps): View', gave the following error.
    Type '{ height: number; backgroundColor: string; borderRadius: number; marginBottom: number; width: string; }' is not assignable to type 'StyleProp<ViewStyle>'.
      Types of property 'width' are incompatible.
        Type 'string' is not assignable to type 'DimensionValue'.
  Overload 2 of 2, '(props: ViewProps, context: any): View', gave the following error.
    Type '{ height: number; backgroundColor: string; borderRadius: number; marginBottom: number; width: string; }' is not assignable to type 'StyleProp<ViewStyle>'.
      Types of property 'width' are incompatible.
        Type 'string' is not assignable to type 'DimensionValue'.
app/face-verify-new-device.tsx(6,10): error TS2305: Module '"../services/securityService"' has no exported member 'verifyPIN'.
app/face-verify.tsx(87,47): error TS2345: Argument of type '"/(tabs)"' is not assignable to parameter of type 'RelativePathString | ExternalPathString | "/aiguardian" | `/aiguardian?${string}` | `/aiguardian#${string}` | "/alerts" | `/alerts?${string}` | `/alerts#${string}` | "/backup-pin" | ... 284 more ... | { ...; }'.
app/face-verify.tsx(129,13): error TS2769: No overload matches this call.
  Overload 1 of 2, '(props: CameraViewProps): CameraView', gave the following error.
    Type '{ style: RegisteredStyle<AbsoluteFillStyle>; facing: "front"; onFacesDetected: ({ faces }: { faces: any[]; }) => void; faceDetectorSettings: { mode: FaceDetectorMode; detectLandmarks: FaceDetectorLandmarks; runClassifications: FaceDetectorClassifications; minDetectionInterval: number; tracking: boolean; }; }' is not assignable to type 'IntrinsicAttributes & IntrinsicClassAttributes<CameraView> & Pick<Readonly<CameraViewProps>, never> & InexactPartial<...> & InexactPartial<...>'.
      Property 'onFacesDetected' does not exist on type 'IntrinsicAttributes & IntrinsicClassAttributes<CameraView> & Pick<Readonly<CameraViewProps>, never> & InexactPartial<...> & InexactPartial<...>'.
  Overload 2 of 2, '(props: CameraViewProps, context: any): CameraView', gave the following error.
    Type '{ style: RegisteredStyle<AbsoluteFillStyle>; facing: "front"; onFacesDetected: ({ faces }: { faces: any[]; }) => void; faceDetectorSettings: { mode: FaceDetectorMode; detectLandmarks: FaceDetectorLandmarks; runClassifications: FaceDetectorClassifications; minDetectionInterval: number; tracking: boolean; }; }' is not assignable to type 'IntrinsicAttributes & IntrinsicClassAttributes<CameraView> & Pick<Readonly<CameraViewProps>, never> & InexactPartial<...> & InexactPartial<...>'.
      Property 'onFacesDetected' does not exist on type 'IntrinsicAttributes & IntrinsicClassAttributes<CameraView> & Pick<Readonly<CameraViewProps>, never> & InexactPartial<...> & InexactPartial<...>'.
app/filevault.tsx(159,25): error TS2769: No overload matches this call.
  Overload 1 of 2, '(props: ViewProps): View', gave the following error.
    Type '{ width: string; height: number; backgroundColor: any; borderRadius: number; }' is not assignable to type 'StyleProp<ViewStyle>'.
      Types of property 'width' are incompatible.
        Type 'string' is not assignable to type 'DimensionValue'.
  Overload 2 of 2, '(props: ViewProps, context: any): View', gave the following error.
    Type '{ width: string; height: number; backgroundColor: any; borderRadius: number; }' is not assignable to type 'StyleProp<ViewStyle>'.
      Types of property 'width' are incompatible.
        Type 'string' is not assignable to type 'DimensionValue'.
app/index.tsx(12,17): error TS2339: Property 'isSetupComplete' does not exist on type 'typeof import("C:/Users/ADMIN/Desktop/Vaultchat backup/services/securityService")'.
app/location-sharing.tsx(67,13): error TS2345: Argument of type '() => () => Promise<void>' is not assignable to parameter of type 'EffectCallback'.
  Type '() => Promise<void>' is not assignable to type 'void | Destructor'.
    Type '() => Promise<void>' is not assignable to type 'Destructor'.
      Type 'Promise<void>' is not assignable to type 'void | { [UNDEFINED_VOID_ONLY]: never; }'.
app/location-sharing.tsx(116,9): error TS2353: Object literal may only specify known properties, and 'accuracy' does not exist in type 'LocationPayload'.
app/location-sharing.tsx(122,61): error TS2339: Property 'sessionKey' does not exist on type 'D2DESession'.
app/location-sharing.tsx(122,73): error TS2554: Expected 2 arguments, but got 3.
app/location-sharing.tsx(122,78): error TS2339: Property 'sessionId' does not exist on type 'D2DESession'.
app/location-sharing.tsx(125,50): error TS2339: Property 'sessionId' does not exist on type 'D2DESession'.
app/location-sharing.tsx(142,40): error TS2554: Expected 0 arguments, but got 1.
app/location-sharing.tsx(148,9): error TS2353: Object literal may only specify known properties, and 'address' does not exist in type 'LocationPayload'.
app/location-sharing.tsx(154,61): error TS2339: Property 'sessionKey' does not exist on type '{ id: string; key: string; }'.
app/location-sharing.tsx(154,73): error TS2554: Expected 2 arguments, but got 3.
app/location-sharing.tsx(154,78): error TS2339: Property 'sessionId' does not exist on type '{ id: string; key: string; }'.
app/location-sharing.tsx(158,52): error TS2339: Property 'sessionId' does not exist on type '{ id: string; key: string; }'.
app/location-sharing.tsx(162,28): error TS2339: Property 'expiresAt' does not exist on type 'LocationPayload'.
app/location-sharing.tsx(197,54): error TS2339: Property 'sessionId' does not exist on type 'D2DESession'.
app/location-sharing.tsx(198,54): error TS2339: Property 'sessionId' does not exist on type 'D2DESession'.
app/location-sharing.tsx(201,35): error TS2339: Property 'sessionId' does not exist on type 'D2DESession'.
app/location-sharing.tsx(269,26): error TS2339: Property 'sessionId' does not exist on type 'D2DESession'.
app/profile-setup.tsx(6,10): error TS2724: '"./(constants)/authService"' has no exported member named 'updateUserProfile'. Did you mean 'saveUserProfile'?
app/profile-setup.tsx(7,10): error TS2305: Module '"../services/securityService"' has no exported member 'saveProfile'.
app/scanner.tsx(587,39): error TS2345: Argument of type '{ root: { flex: number; }; header: { flexDirection: "row"; alignItems: "center"; gap: number; paddingTop: number; paddingBottom: number; paddingHorizontal: number; backgroundColor: string; borderBottomWidth: number; borderBottomColor: string; }; ... 88 more ...; doneEncText: { ...; }; }' is not assignable to parameter of type '{ root: { flex: number; }; header: { flexDirection: "row"; alignItems: "center"; gap: number; paddingTop: number; paddingBottom: number; paddingHorizontal: number; backgroundColor: string; borderBottomWidth: number; borderBottomColor: string; }; ... 88 more ...; doneEncText: { ...; }; } & NamedStyles<...>'.
  Property 'sliderFill' is incompatible with index signature.
    Object literal may only specify known properties, and 'background' does not exist in type 'ViewStyle | TextStyle | ImageStyle'.
app/security-questions.tsx(6,10): error TS2305: Module '"../services/securityService"' has no exported member 'saveSecurityAnswers'.
app/setup-complete.tsx(5,10): error TS2305: Module '"../services/securityService"' has no exported member 'markSetupComplete'.
